2025-10-02 18:13:48,449 - INFO - Updating database with 1 specific patches...
2025-10-02 18:13:48,449 - INFO - === Starting database build for 1 specific URLs ===
2025-10-02 18:13:48,449 - INFO - Process ID: 1963
2025-10-02 18:13:48,449 - INFO - Memory monitoring not available (psutil not installed)
2025-10-02 18:13:48,449 - INFO - Loading existing database...
2025-10-02 18:13:48,529 - INFO - Existing database has 493 processed patches
2025-10-02 18:13:48,529 - INFO - Loading patches.json data...
2025-10-02 18:13:48,534 - INFO - Loaded patches.json with 29 product versions
2025-10-02 18:13:48,535 - INFO - Found 1 patches matching provided URLs (out of 1 requested)
2025-10-02 18:13:48,535 - INFO - Found 1 patches affecting multiple versions:
2025-10-02 18:13:48,535 - INFO -   Portal for ArcGIS Mission Manager Location Services and Projection Patch: affects versions ['11.4', '11.5'] (QFE_IDs: ['PFA-114-P-1326', 'PFA-115-P-1327'])
2025-10-02 18:13:48,535 - INFO - Extracted 1 unique patches for processing
2025-10-02 18:13:48,535 - INFO - Processing patch 1/1: Portal for ArcGIS Mission Manager Location Services and Projection Patch (versions: 11.4, 11.5) (QFE_IDs: PFA-114-P-1326, PFA-115-P-1327)
2025-10-02 18:13:49,209 - WARNING - No content found in Issues section using sibling approach
2025-10-02 18:13:49,213 - INFO - Found 27 bugs using fallback list search
2025-10-02 18:13:49,214 - INFO - Extracted 27 bugs from https://support.esri.com/en-us/patches-updates/2025/portal-for-arcgis-mission-manager-location-services-and-projection-patch (affects 2 versions)
2025-10-02 18:13:50,214 - INFO - === Patch processing complete ===
2025-10-02 18:13:50,214 - INFO - Successfully processed: 1 patches
2025-10-02 18:13:50,214 - INFO - Failed: 0 patches
2025-10-02 18:13:50,214 - INFO - Total patches in loop: 1
2025-10-02 18:13:50,214 - INFO - Updating database metadata...
2025-10-02 18:13:50,216 - INFO - Saving final database...
2025-10-02 18:13:50,376 - INFO - Database saved to public/data/bugsDatabase.json
2025-10-02 18:13:50,376 - INFO - Final memory check skipped (psutil not available)
2025-10-02 18:13:50,376 - INFO - === Database build complete ===
2025-10-02 18:13:50,376 - INFO - Total bugs in database: 8213
